// Jest Snapshot v1, https://goo.gl/fbAQLP

exports[`bugs should deploy contract correctly 1`] = `
[
  {
    "$seq": 0,
    "events": [
      {
        "$type": "deploy",
      },
      {
        "$type": "received",
        "message": {
          "body": {
            "cell": "x{178D45190000000000000000502540BE400800C83C40F6E01D9BBE7F089633DC9A2CB62629478287ECE373E35FD9BA1EB951B30016E3A425A4E75B646191AC9A34FE5D050BD101A5C490F87D01C66D885D09BC1082_}",
            "type": "cell",
          },
          "bounce": false,
          "from": "kQBkHiB7cA7N3z-ESxnuTRZbExSjwUP2cbnxr-zdD1yo2V-4",
          "to": "kQCMrikxzzvzJk9pUSrQW6p1shWQbbH02ChyDiu2JnUvInbG",
          "type": "internal",
          "value": "9.959886",
        },
      },
      {
        "$type": "processed",
        "gasUsed": 12277n,
      },
      {
        "$type": "sent",
        "messages": [
          {
            "body": {
              "type": "known",
              "value": {
                "$$type": "TokenExcesses",
                "queryId": 0n,
              },
            },
            "bounce": false,
            "from": "kQCMrikxzzvzJk9pUSrQW6p1shWQbbH02ChyDiu2JnUvInbG",
            "to": "@treasure(treasure)",
            "type": "internal",
            "value": "9.916924834",
          },
        ],
      },
    ],
  },
]
`;
